utterance 1 question-01: ok
utterance 1 question-02: ok
utterance 1 question-03: ok
utterance 1 filter-01: ok
utterance 1 filter-02: ok
utterance 1 filter-03: ok
utterance 1 preference-01: ok
utterance 1 preference-02: ok
utterance 1 preference-03: ok
utterance 1 value-01: ok
utterance 1 value-02: ok
utterance 1 value-03: ok
utterance 1 silence-01: ok
utterance 1 silence-02: ok
utterance 1 silence-03: ok
utterance 1 silence-04: ok
utterance 1 silence-05: ok
utterance 1 silence-06: ok
utterance 1 silence-07: ok
utterance 1 silence-08: ok
utterance 1 silence-09: ok
utterance 1 silence-10: ok
utterance 2 question-01: ok
utterance 2 question-02: ok
utterance 2 question-03: ok
utterance 2 filter-01: ok
utterance 2 filter-02: ok
utterance 2 filter-03: ok
utterance 2 preference-01: ok
utterance 2 preference-02: ok
utterance 2 preference-03: ok
utterance 2 value-01: ok
utterance 2 value-02: ok
utterance 2 value-03: ok
utterance 2 silence-01: ok
utterance 2 silence-02: ok
utterance 2 silence-03: ok
utterance 2 silence-04: ok
utterance 2 silence-05: ok
utterance 2 silence-06: ok
utterance 2 silence-07: ok
utterance 2 silence-08: ok
utterance 2 silence-09: ok
utterance 2 silence-10: ok
utterance 3 question-01: ok
utterance 3 question-02: ok
utterance 3 question-03: ok
utterance 3 filter-01: ok
utterance 3 filter-02: ok
utterance 3 filter-03: ok
utterance 3 preference-01: ok
utterance 3 preference-02: ok
utterance 3 preference-03: ok
utterance 3 value-01: ok
utterance 3 value-02: ok
utterance 3 value-03: ok
utterance 3 silence-01: ok
utterance 3 silence-02: ok
utterance 3 silence-03: ok
utterance 3 silence-04: ok
utterance 3 silence-05: ok
utterance 3 silence-06: ok
utterance 3 silence-07: ok
utterance 3 silence-08: ok
utterance 3 silence-09: ok
utterance 3 silence-10: ok
native_streaming 1 question-01: ok
native_streaming 1 question-02: ok
native_streaming 1 question-03: ok
native_streaming 1 filter-01: ok
native_streaming 1 filter-02: ok
native_streaming 1 filter-03: ok
native_streaming 1 preference-01: ok
native_streaming 1 preference-02: ok
native_streaming 1 preference-03: ok
native_streaming 1 value-01: ok
native_streaming 1 value-02: ok
native_streaming 1 value-03: ok
native_streaming 1 silence-01: ok
native_streaming 1 silence-02: ok
native_streaming 1 silence-03: ok
native_streaming 1 silence-04: ok
native_streaming 1 silence-05: ok
native_streaming 1 silence-06: ok
native_streaming 1 silence-07: ok
native_streaming 1 silence-08: ok
native_streaming 1 silence-09: ok
native_streaming 1 silence-10: ok
native_streaming 2 question-01: ok
native_streaming 2 question-02: ok
native_streaming 2 question-03: ok
native_streaming 2 filter-01: ok
native_streaming 2 filter-02: ok
native_streaming 2 filter-03: ok
native_streaming 2 preference-01: ok
native_streaming 2 preference-02: ok
native_streaming 2 preference-03: ok
native_streaming 2 value-01: ok
native_streaming 2 value-02: ok
native_streaming 2 value-03: ok
native_streaming 2 silence-01: ok
native_streaming 2 silence-02: ok
native_streaming 2 silence-03: ok
native_streaming 2 silence-04: ok
native_streaming 2 silence-05: ok
native_streaming 2 silence-06: ok
native_streaming 2 silence-07: ok
native_streaming 2 silence-08: ok
native_streaming 2 silence-09: ok
native_streaming 2 silence-10: ok
native_streaming 3 question-01: ok
native_streaming 3 question-02: ok
native_streaming 3 question-03: ok
native_streaming 3 filter-01: ok
native_streaming 3 filter-02: ok
native_streaming 3 filter-03: ok
native_streaming 3 preference-01: ok
native_streaming 3 preference-02: ok
native_streaming 3 preference-03: ok
native_streaming 3 value-01: ok
native_streaming 3 value-02: ok
native_streaming 3 value-03: ok
native_streaming 3 silence-01: ok
native_streaming 3 silence-02: ok
native_streaming 3 silence-03: ok
native_streaming 3 silence-04: ok
native_streaming 3 silence-05: ok
native_streaming 3 silence-06: ok
native_streaming 3 silence-07: ok
native_streaming 3 silence-08: ok
native_streaming 3 silence-09: ok
native_streaming 3 silence-10: ok
Evidence saved: results\moonshine-tuning-floor-1000ms.json
